123456,First,Last,2.15,56.76,77.00
654321,Jane,Doe,4.30,100.00
